---
source: tests/tests.rs
expression: manifest
---
'''
[package]
name = "package-name"
version = "0.1.0"
edition = "2021"

# See more keys and their definitions at https://doc.rust-lang.org/cargo/reference/manifest.html

[dependencies]
patch-package = "0.1.0"

[patch]

[patch.crates-io]
patch-package = { path = "u9KdJGBDefkZz" }
'''
